 
****************************************
Report : area
Design : Vortex_axi
Version: K-2015.06
Date   : Mon Jun  1 19:41:38 2026
****************************************

Library(s) Used:

    NangateOpenCellLibrary_ss0p95v125c (File: /home/IC/Vortex/std_cells/NangateOpenCellLibrary_ss0p95v125c.db)

Number of ports:                         1308
Number of nets:                        292037
Number of cells:                       274926
Number of combinational cells:         212018
Number of sequential cells:             62908
Number of macros/black boxes:               0
Number of buf/inv:                      57592
Number of references:                      74

Combinational area:             236398.193615
Buf/Inv area:                    32761.624167
Noncombinational area:          283954.723705
Macro/Black Box area:                0.000000
Net Interconnect area:      undefined  (Wire load has zero net area)

Total cell area:                520352.917320
Total area:                 undefined

Hierarchical area distribution
------------------------------

                                  Global cell area              Local cell area
                                  --------------------  -------------------------------- 
Hierarchical cell                 Absolute     Percent  Combi-       Noncombi-    Black-
                                  Total        Total    national     national     boxes   Design
--------------------------------  -----------  -------  -----------  -----------  ------  ---------
Vortex_axi                        520352.9173    100.0  236398.1936  283954.7237  0.0000  Vortex_axi
--------------------------------  -----------  -------  -----------  -----------  ------  ---------
Total                                                   236398.1936  283954.7237  0.0000

1
