 
****************************************
Report : power
        -hier
        -analysis_effort low
Design : Vortex_axi
Version: K-2015.06
Date   : Mon Jun  1 19:41:40 2026
****************************************


Library(s) Used:

    NangateOpenCellLibrary_ss0p95v125c (File: /home/IC/Vortex/std_cells/NangateOpenCellLibrary_ss0p95v125c.db)


Operating Conditions: slow   Library: NangateOpenCellLibrary_ss0p95v125c
Wire Load Model Mode: top

Design        Wire Load Model            Library
------------------------------------------------
Vortex_axi             5K_hvratio_1_1    NangateOpenCellLibrary_ss0p95v125c


Global Operating Voltage = 0.95 
Power-specific unit information :
    Voltage Units = 1V
    Capacitance Units = 1.000000ff
    Time Units = 1ns
    Dynamic Power Units = 1uW    (derived from V,C,T units)
    Leakage Power Units = 1nW


--------------------------------------------------------------------------------
                                       Switch   Int      Leak     Total
Hierarchy                              Power    Power    Power    Power    %
--------------------------------------------------------------------------------
Vortex_axi                             1.05e+03 7.71e+04 6.56e+06 8.47e+04 100.0
1
