 
****************************************
Report : area
Design : VX_fetch
Version: K-2015.06
Date   : Tue Jun  2 20:38:15 2026
****************************************

Library(s) Used:

    NangateOpenCellLibrary_ss0p95v125c (File: /home/IC/fetch/std_cells/NangateOpenCellLibrary_ss0p95v125c.db)

Number of ports:                          224
Number of nets:                           754
Number of cells:                          673
Number of combinational cells:            467
Number of sequential cells:               206
Number of macros/black boxes:               0
Number of buf/inv:                        114
Number of references:                      16

Combinational area:                501.942012
Buf/Inv area:                       63.574000
Noncombinational area:             922.487967
Macro/Black Box area:                0.000000
Net Interconnect area:      undefined  (Wire load has zero net area)

Total cell area:                  1424.429978
Total area:                 undefined

Hierarchical area distribution
------------------------------

                                  Global cell area          Local cell area
                                  ------------------  --------------------------- 
Hierarchical cell                 Absolute   Percent  Combi-    Noncombi-  Black-
                                  Total      Total    national  national   boxes   Design
--------------------------------  ---------  -------  --------  ---------  ------  ---------
VX_fetch                          1424.4300    100.0  501.9420   922.4880  0.0000  VX_fetch
--------------------------------  ---------  -------  --------  ---------  ------  ---------
Total                                                 501.9420   922.4880  0.0000

1
