 
****************************************
Report : area
Design : VX_decode
Version: K-2015.06
Date   : Sun May 17 01:37:12 2026
****************************************

Information: Updating design information... (UID-85)
Library(s) Used:

    NangateOpenCellLibrary_ss0p95v125c (File: /home/IC/Graduation_Project/std_cells/NangateOpenCellLibrary_ss0p95v125c.db)

Number of ports:                          589
Number of nets:                           695
Number of cells:                          268
Number of combinational cells:            265
Number of sequential cells:                 2
Number of macros/black boxes:               0
Number of buf/inv:                         65
Number of references:                      26

Combinational area:                269.724001
Buf/Inv area:                       34.580000
Noncombinational area:               0.000000
Macro/Black Box area:                0.000000
Net Interconnect area:      undefined  (Wire load has zero net area)

Total cell area:                   269.724001
Total area:                 undefined

Hierarchical area distribution
------------------------------

                                  Global cell area          Local cell area
                                  ------------------  --------------------------- 
Hierarchical cell                 Absolute   Percent  Combi-    Noncombi-  Black-
                                  Total      Total    national  national   boxes   Design
--------------------------------  ---------  -------  --------  ---------  ------  --------------------------------
VX_decode                          269.7240    100.0  269.7240     0.0000  0.0000  VX_decode
req_buf                              0.0000      0.0    0.0000     0.0000  0.0000  VX_elastic_buffer_DATAW153_SIZE0
--------------------------------  ---------  -------  --------  ---------  ------  --------------------------------
Total                                                 269.7240     0.0000  0.0000

1
