 
****************************************
Report : timing
        -path full
        -delay min
        -max_paths 1
Design : VX_decode
Version: K-2015.06
Date   : Sun May 17 01:37:12 2026
****************************************

Operating Conditions: low_temp   Library: NangateOpenCellLibrary_ff1p25vn40c
Wire Load Model Mode: top

  Startpoint: fetch_if.data[PC][0]
              (input port clocked by CLK)
  Endpoint: decode_if.data[PC][0]
            (output port clocked by CLK)
  Path Group: CLK
  Path Type: min

  Des/Clust/Port     Wire Load Model       Library
  ------------------------------------------------
  VX_decode          5K_hvratio_1_1        NangateOpenCellLibrary_ss0p95v125c

  Point                                                   Incr       Path
  --------------------------------------------------------------------------
  clock CLK (rise edge)                                   0.00       0.00
  clock network delay (ideal)                             0.00       0.00
  input external delay                                   49.50      49.50 f
  fetch_if.data[PC][0] (in)                               0.00      49.50 f
  req_buf/data_in[71] (VX_elastic_buffer_DATAW153_SIZE0)
                                                          0.00      49.50 f
  req_buf/data_out[71] (VX_elastic_buffer_DATAW153_SIZE0)
                                                          0.00      49.50 f
  decode_if.data[PC][0] (out)                             0.01      49.51 f
  data arrival time                                                 49.51

  clock CLK (rise edge)                                   0.00       0.00
  clock network delay (ideal)                             0.00       0.00
  clock uncertainty                                       0.05       0.05
  output external delay                                 -49.50     -49.45
  data required time                                               -49.45
  --------------------------------------------------------------------------
  data required time                                               -49.45
  data arrival time                                                -49.51
  --------------------------------------------------------------------------
  slack (MET)                                                       98.96


1
