 
****************************************
Report : timing
        -path full
        -delay max
        -max_paths 1
Design : VX_decode
Version: K-2015.06
Date   : Sun May 17 01:37:12 2026
****************************************

Operating Conditions: slow   Library: NangateOpenCellLibrary_ss0p95v125c
Wire Load Model Mode: top

  Startpoint: fetch_if.data[instr][2]
              (input port clocked by CLK)
  Endpoint: decode_if.data[op_type][2]
            (output port clocked by CLK)
  Path Group: CLK
  Path Type: max

  Des/Clust/Port     Wire Load Model       Library
  ------------------------------------------------
  VX_decode          5K_hvratio_1_1        NangateOpenCellLibrary_ss0p95v125c

  Point                                                   Incr       Path
  --------------------------------------------------------------------------
  clock CLK (rise edge)                                   0.00       0.00
  clock network delay (ideal)                             0.00       0.00
  input external delay                                   49.50      49.50 r
  fetch_if.data[instr][2] (in)                            0.03      49.53 r
  U394/ZN (INV_X1)                                        0.06      49.58 f
  U392/ZN (AND3_X1)                                       0.15      49.73 f
  U395/ZN (AND3_X1)                                       0.14      49.87 f
  U259/ZN (NAND3_X1)                                      0.16      50.04 r
  U304/ZN (INV_X1)                                        0.09      50.13 f
  U299/ZN (NOR2_X1)                                       0.23      50.36 r
  U307/ZN (NAND2_X1)                                      0.10      50.47 f
  U385/ZN (AOI221_X1)                                     0.34      50.81 r
  U398/ZN (INV_X1)                                        0.05      50.85 f
  U396/ZN (OR4_X1)                                        0.47      51.32 f
  req_buf/data_in[67] (VX_elastic_buffer_DATAW153_SIZE0)
                                                          0.00      51.32 f
  req_buf/data_out[67] (VX_elastic_buffer_DATAW153_SIZE0)
                                                          0.00      51.32 f
  decode_if.data[op_type][2] (out)                        0.01      51.33 f
  data arrival time                                                 51.33

  clock CLK (rise edge)                                 165.00     165.00
  clock network delay (ideal)                             0.00     165.00
  clock uncertainty                                      -0.25     164.75
  output external delay                                 -49.50     115.25
  data required time                                               115.25
  --------------------------------------------------------------------------
  data required time                                               115.25
  data arrival time                                                -51.33
  --------------------------------------------------------------------------
  slack (MET)                                                       63.92


1
