 
****************************************
Report : area
Design : VX_schedule
Version: K-2015.06
Date   : Tue Jun  2 20:37:36 2026
****************************************

Library(s) Used:

    NangateOpenCellLibrary_ss0p95v125c (File: /home/IC/schedule/std_cells/NangateOpenCellLibrary_ss0p95v125c.db)

Number of ports:                          325
Number of nets:                          5769
Number of cells:                         4520
Number of combinational cells:           3261
Number of sequential cells:              1259
Number of macros/black boxes:               0
Number of buf/inv:                        251
Number of references:                      49

Combinational area:               4052.244072
Buf/Inv area:                      172.102001
Noncombinational area:            5675.641796
Macro/Black Box area:                0.000000
Net Interconnect area:      undefined  (Wire load has zero net area)

Total cell area:                  9727.885867
Total area:                 undefined

Hierarchical area distribution
------------------------------

                                  Global cell area          Local cell area
                                  ------------------  ---------------------------- 
Hierarchical cell                 Absolute   Percent  Combi-     Noncombi-  Black-
                                  Total      Total    national   national   boxes   Design
--------------------------------  ---------  -------  ---------  ---------  ------  ---------
VX_schedule                       9727.8859    100.0  4052.2441  5675.6418  0.0000  VX_schedule
--------------------------------  ---------  -------  ---------  ---------  ------  ---------
Total                                                 4052.2441  5675.6418  0.0000

1
