 
****************************************
Report : area
Design : VX_issue
Version: K-2015.06
Date   : Wed Jun  3 00:53:32 2026
****************************************

Library(s) Used:

    NangateOpenCellLibrary_tt1p1v25c (File: /home/IC/Issue/std_cells/NangateOpenCellLibrary_tt1p1v25c.db)

Number of ports:                         2190
Number of nets:                        126021
Number of cells:                       123270
Number of combinational cells:          81605
Number of sequential cells:             41665
Number of macros/black boxes:               0
Number of buf/inv:                       7624
Number of references:                      41

Combinational area:             101509.060649
Buf/Inv area:                     5471.087926
Noncombinational area:          188386.513166
Macro/Black Box area:                0.000000
Net Interconnect area:      undefined  (Wire load has zero net area)

Total cell area:                289895.573816
Total area:                 undefined

Hierarchical area distribution
------------------------------

                                  Global cell area              Local cell area
                                  --------------------  -------------------------------- 
Hierarchical cell                 Absolute     Percent  Combi-       Noncombi-    Black-
                                  Total        Total    national     national     boxes   Design
--------------------------------  -----------  -------  -----------  -----------  ------  ---------
VX_issue                          289895.5738    100.0  101509.0606  188386.5132  0.0000  VX_issue
--------------------------------  -----------  -------  -----------  -----------  ------  ---------
Total                                                   101509.0606  188386.5132  0.0000

1
