 
****************************************
Report : area
Design : VX_commit
Version: K-2015.06
Date   : Wed Jun  3 01:09:58 2026
****************************************

Library(s) Used:

    NangateOpenCellLibrary_ss0p95v125c (File: /home/IC/commit/std_cells/NangateOpenCellLibrary_ss0p95v125c.db)

Number of ports:                          933
Number of nets:                          1786
Number of cells:                         1037
Number of combinational cells:            805
Number of sequential cells:               232
Number of macros/black boxes:               0
Number of buf/inv:                         93
Number of references:                      19

Combinational area:                886.578011
Buf/Inv area:                       59.318000
Noncombinational area:            1049.103962
Macro/Black Box area:                0.000000
Net Interconnect area:      undefined  (Wire load has zero net area)

Total cell area:                  1935.681973
Total area:                 undefined

Hierarchical area distribution
------------------------------

                                  Global cell area          Local cell area
                                  ------------------  --------------------------- 
Hierarchical cell                 Absolute   Percent  Combi-    Noncombi-  Black-
                                  Total      Total    national  national   boxes   Design
--------------------------------  ---------  -------  --------  ---------  ------  ---------
VX_commit                         1935.6820    100.0  886.5780  1049.1040  0.0000  VX_commit
--------------------------------  ---------  -------  --------  ---------  ------  ---------
Total                                                 886.5780  1049.1040  0.0000

1
