 
****************************************
Report : power
        -hier
        -analysis_effort low
Design : VX_commit
Version: K-2015.06
Date   : Wed Jun  3 01:09:58 2026
****************************************


Library(s) Used:

    NangateOpenCellLibrary_ss0p95v125c (File: /home/IC/commit/std_cells/NangateOpenCellLibrary_ss0p95v125c.db)


Operating Conditions: slow   Library: NangateOpenCellLibrary_ss0p95v125c
Wire Load Model Mode: top

Design        Wire Load Model            Library
------------------------------------------------
VX_commit              5K_hvratio_1_1    NangateOpenCellLibrary_ss0p95v125c


Global Operating Voltage = 0.95 
Power-specific unit information :
    Voltage Units = 1V
    Capacitance Units = 1.000000ff
    Time Units = 1ns
    Dynamic Power Units = 1uW    (derived from V,C,T units)
    Leakage Power Units = 1nW


--------------------------------------------------------------------------------
                                       Switch   Int      Leak     Total
Hierarchy                              Power    Power    Power    Power    %
--------------------------------------------------------------------------------
VX_commit                                37.265  262.654 2.55e+04  325.467 100.0
1
